interactions:
- request:
    body: '{"dataSourceType": "SqlServer", "dataFeedName": "wholeseriesvbha2wpc52c7wda4425d0",
      "granularityName": "Daily", "metrics": [{"metricName": "cost"}, {"metricName":
      "revenue"}], "dimension": [{"dimensionName": "category"}, {"dimensionName":
      "city"}], "dataStartFrom": "2019-10-01T00:00:00.000Z", "startOffsetInSeconds":
      0, "maxConcurrency": -1, "minRetryIntervalInSeconds": -1, "stopRetryAfterInSeconds":
      -1, "dataSourceParameter": {"connectionString": "connectionstring", "query":
      "select\u202f*\u202ffrom\u202fadsample2\u202fwhere\u202fTimestamp\u202f=\u202f@StartTime"}}'
    headers:
      Accept:
      - application/json
      Accept-Encoding:
      - gzip, deflate
      Connection:
      - keep-alive
      Content-Length:
      - '787'
      Content-Type:
      - application/json
      User-Agent:
      - azsdk-python-ai-metricsadvisor/1.0.0b1 Python/3.7.3 (Windows-10-10.0.19041-SP0)
    method: POST
    uri: https://anuchan-cg-metric-advisor.cognitiveservices.azure.com/metricsadvisor/v1.0/dataFeeds
  response:
    body:
      string: ''
    headers:
      apim-request-id:
      - b41d6ee4-1b6d-4ea7-b594-e220f282f2d9
      content-length:
      - '0'
      date:
      - Tue, 13 Oct 2020 15:55:50 GMT
      location:
      - https://anuchan-cg-metric-advisor.cognitiveservices.azure.com/metricsadvisor/v1.0/dataFeeds/e125ca23-676a-4176-883f-f48fb21280fc
      strict-transport-security:
      - max-age=31536000; includeSubDomains; preload
      x-content-type-options:
      - nosniff
      x-envoy-upstream-service-time:
      - '323'
      x-request-id:
      - b41d6ee4-1b6d-4ea7-b594-e220f282f2d9
    status:
      code: 201
      message: Created
- request:
    body: null
    headers:
      Accept:
      - application/json
      Accept-Encoding:
      - gzip, deflate
      Connection:
      - keep-alive
      User-Agent:
      - azsdk-python-ai-metricsadvisor/1.0.0b1 Python/3.7.3 (Windows-10-10.0.19041-SP0)
    method: GET
    uri: https://anuchan-cg-metric-advisor.cognitiveservices.azure.com/metricsadvisor/v1.0/dataFeeds/e125ca23-676a-4176-883f-f48fb21280fc
  response:
    body:
      string: "{\"dataFeedId\":\"e125ca23-676a-4176-883f-f48fb21280fc\",\"dataFeedName\":\"wholeseriesvbha2wpc52c7wda4425d0\",\"metrics\":[{\"metricId\":\"e86e77c7-38c1-43ed-8851-f3a84f212beb\",\"metricName\":\"cost\",\"metricDisplayName\":\"cost\",\"metricDescription\":\"\"},{\"metricId\":\"48558dd3-af7a-48e4-92a7-e8f91b25d6d3\",\"metricName\":\"revenue\",\"metricDisplayName\":\"revenue\",\"metricDescription\":\"\"}],\"dimension\":[{\"dimensionName\":\"category\",\"dimensionDisplayName\":\"category\"},{\"dimensionName\":\"city\",\"dimensionDisplayName\":\"city\"}],\"dataStartFrom\":\"2019-10-01T00:00:00Z\",\"dataSourceType\":\"SqlServer\",\"timestampColumn\":\"\",\"startOffsetInSeconds\":0,\"maxQueryPerMinute\":30.0,\"granularityName\":\"Daily\",\"granularityAmount\":null,\"allUpIdentification\":null,\"needRollup\":\"NoRollup\",\"fillMissingPointType\":\"PreviousValue\",\"fillMissingPointValue\":0.0,\"rollUpMethod\":\"None\",\"rollUpColumns\":[],\"dataFeedDescription\":\"\",\"stopRetryAfterInSeconds\":-1,\"minRetryIntervalInSeconds\":-1,\"maxConcurrency\":-1,\"viewMode\":\"Private\",\"admins\":[\"krpratic@microsoft.com\"],\"viewers\":[],\"creator\":\"krpratic@microsoft.com\",\"status\":\"Active\",\"createdTime\":\"2020-10-13T15:55:50Z\",\"isAdmin\":true,\"actionLinkTemplate\":\"\",\"dataSourceParameter\":{\"connectionString\":\"connectionstring\",\"query\":\"select\u202F*\u202Ffrom\u202Fadsample2\u202Fwhere\u202FTimestamp\u202F=\u202F@StartTime\"}}"
    headers:
      apim-request-id:
      - 953ead1b-60b8-44ae-8901-4176bc82f1bb
      content-length:
      - '1505'
      content-type:
      - application/json; charset=utf-8
      date:
      - Tue, 13 Oct 2020 15:55:51 GMT
      strict-transport-security:
      - max-age=31536000; includeSubDomains; preload
      x-content-type-options:
      - nosniff
      x-envoy-upstream-service-time:
      - '203'
      x-request-id:
      - 953ead1b-60b8-44ae-8901-4176bc82f1bb
    status:
      code: 200
      message: OK
- request:
    body: '{"name": "wholeseriesvbha2wpc52c7wda4425d0", "description": "testing",
      "metricId": "e86e77c7-38c1-43ed-8851-f3a84f212beb", "wholeMetricConfiguration":
      {"smartDetectionCondition": {"sensitivity": 50.0, "anomalyDetectorDirection":
      "Both", "suppressCondition": {"minNumber": 50, "minRatio": 50.0}}}}'
    headers:
      Accept:
      - application/json
      Accept-Encoding:
      - gzip, deflate
      Connection:
      - keep-alive
      Content-Length:
      - '296'
      Content-Type:
      - application/json
      User-Agent:
      - azsdk-python-ai-metricsadvisor/1.0.0b1 Python/3.7.3 (Windows-10-10.0.19041-SP0)
    method: POST
    uri: https://anuchan-cg-metric-advisor.cognitiveservices.azure.com/metricsadvisor/v1.0/enrichment/anomalyDetection/configurations
  response:
    body:
      string: ''
    headers:
      apim-request-id:
      - 1f46fe34-ef09-4495-bb59-46642a548e36
      content-length:
      - '0'
      date:
      - Tue, 13 Oct 2020 15:55:51 GMT
      location:
      - https://anuchan-cg-metric-advisor.cognitiveservices.azure.com/metricsadvisor/v1.0/enrichment/anomalyDetection/configurations/00a414a6-fc79-4696-9396-85573be80d4d
      strict-transport-security:
      - max-age=31536000; includeSubDomains; preload
      x-content-type-options:
      - nosniff
      x-envoy-upstream-service-time:
      - '99'
      x-request-id:
      - 1f46fe34-ef09-4495-bb59-46642a548e36
    status:
      code: 201
      message: Created
- request:
    body: null
    headers:
      Accept:
      - application/json
      Accept-Encoding:
      - gzip, deflate
      Connection:
      - keep-alive
      User-Agent:
      - azsdk-python-ai-metricsadvisor/1.0.0b1 Python/3.7.3 (Windows-10-10.0.19041-SP0)
    method: GET
    uri: https://anuchan-cg-metric-advisor.cognitiveservices.azure.com/metricsadvisor/v1.0/enrichment/anomalyDetection/configurations/00a414a6-fc79-4696-9396-85573be80d4d
  response:
    body:
      string: '{"anomalyDetectionConfigurationId":"00a414a6-fc79-4696-9396-85573be80d4d","name":"wholeseriesvbha2wpc52c7wda4425d0","description":"testing","metricId":"e86e77c7-38c1-43ed-8851-f3a84f212beb","wholeMetricConfiguration":{"smartDetectionCondition":{"sensitivity":50.0,"anomalyDetectorDirection":"Both","suppressCondition":{"minNumber":50,"minRatio":50.0}}},"dimensionGroupOverrideConfigurations":[],"seriesOverrideConfigurations":[]}'
    headers:
      apim-request-id:
      - bc88c880-cb83-4729-9d40-a578b3e0c671
      content-length:
      - '429'
      content-type:
      - application/json; charset=utf-8
      date:
      - Tue, 13 Oct 2020 15:55:51 GMT
      strict-transport-security:
      - max-age=31536000; includeSubDomains; preload
      x-content-type-options:
      - nosniff
      x-envoy-upstream-service-time:
      - '75'
      x-request-id:
      - bc88c880-cb83-4729-9d40-a578b3e0c671
    status:
      code: 200
      message: OK
- request:
    body: '{"name": "testalerts4of3qjxlj323z5da4425d0", "hookIds": [], "metricAlertingConfigurations":
      [{"anomalyDetectionConfigurationId": "00a414a6-fc79-4696-9396-85573be80d4d",
      "anomalyScopeType": "All", "valueFilter": {"lower": 1.0, "direction": "Down",
      "metricId": "e86e77c7-38c1-43ed-8851-f3a84f212beb"}}]}'
    headers:
      Accept:
      - application/json
      Accept-Encoding:
      - gzip, deflate
      Connection:
      - keep-alive
      Content-Length:
      - '301'
      Content-Type:
      - application/json
      User-Agent:
      - azsdk-python-ai-metricsadvisor/1.0.0b1 Python/3.7.3 (Windows-10-10.0.19041-SP0)
    method: POST
    uri: https://anuchan-cg-metric-advisor.cognitiveservices.azure.com/metricsadvisor/v1.0/alert/anomaly/configurations
  response:
    body:
      string: ''
    headers:
      apim-request-id:
      - eee10251-2566-4eef-9734-0361204c6e1b
      content-length:
      - '0'
      date:
      - Tue, 13 Oct 2020 15:55:52 GMT
      location:
      - https://anuchan-cg-metric-advisor.cognitiveservices.azure.com/metricsadvisor/v1.0/alert/anomaly/configurations/07ebee0e-8a2e-4985-ab0e-5971ea7d9ec9
      strict-transport-security:
      - max-age=31536000; includeSubDomains; preload
      x-content-type-options:
      - nosniff
      x-envoy-upstream-service-time:
      - '95'
      x-request-id:
      - eee10251-2566-4eef-9734-0361204c6e1b
    status:
      code: 201
      message: Created
- request:
    body: null
    headers:
      Accept:
      - application/json
      Accept-Encoding:
      - gzip, deflate
      Connection:
      - keep-alive
      User-Agent:
      - azsdk-python-ai-metricsadvisor/1.0.0b1 Python/3.7.3 (Windows-10-10.0.19041-SP0)
    method: GET
    uri: https://anuchan-cg-metric-advisor.cognitiveservices.azure.com/metricsadvisor/v1.0/alert/anomaly/configurations/07ebee0e-8a2e-4985-ab0e-5971ea7d9ec9
  response:
    body:
      string: '{"anomalyAlertingConfigurationId":"07ebee0e-8a2e-4985-ab0e-5971ea7d9ec9","name":"testalerts4of3qjxlj323z5da4425d0","description":"","hookIds":[],"metricAlertingConfigurations":[{"anomalyDetectionConfigurationId":"00a414a6-fc79-4696-9396-85573be80d4d","anomalyScopeType":"All","negationOperation":false,"valueFilter":{"lower":1.0,"direction":"Down","metricId":"e86e77c7-38c1-43ed-8851-f3a84f212beb","triggerForMissing":false}}]}'
    headers:
      apim-request-id:
      - e371af83-b056-4747-99e1-d441e07ac25a
      content-length:
      - '427'
      content-type:
      - application/json; charset=utf-8
      date:
      - Tue, 13 Oct 2020 15:55:52 GMT
      strict-transport-security:
      - max-age=31536000; includeSubDomains; preload
      x-content-type-options:
      - nosniff
      x-envoy-upstream-service-time:
      - '111'
      x-request-id:
      - e371af83-b056-4747-99e1-d441e07ac25a
    status:
      code: 200
      message: OK
- request:
    body: null
    headers:
      Accept:
      - application/json
      Accept-Encoding:
      - gzip, deflate
      Connection:
      - keep-alive
      Content-Length:
      - '0'
      User-Agent:
      - azsdk-python-ai-metricsadvisor/1.0.0b1 Python/3.7.3 (Windows-10-10.0.19041-SP0)
    method: DELETE
    uri: https://anuchan-cg-metric-advisor.cognitiveservices.azure.com/metricsadvisor/v1.0/alert/anomaly/configurations/07ebee0e-8a2e-4985-ab0e-5971ea7d9ec9
  response:
    body:
      string: ''
    headers:
      apim-request-id:
      - ec45f64a-943e-4446-8cd6-f9ecd2f52ebe
      content-length:
      - '0'
      date:
      - Tue, 13 Oct 2020 15:55:52 GMT
      strict-transport-security:
      - max-age=31536000; includeSubDomains; preload
      x-content-type-options:
      - nosniff
      x-envoy-upstream-service-time:
      - '95'
      x-request-id:
      - ec45f64a-943e-4446-8cd6-f9ecd2f52ebe
    status:
      code: 204
      message: No Content
- request:
    body: null
    headers:
      Accept:
      - application/json
      Accept-Encoding:
      - gzip, deflate
      Connection:
      - keep-alive
      User-Agent:
      - azsdk-python-ai-metricsadvisor/1.0.0b1 Python/3.7.3 (Windows-10-10.0.19041-SP0)
    method: GET
    uri: https://anuchan-cg-metric-advisor.cognitiveservices.azure.com/metricsadvisor/v1.0/alert/anomaly/configurations/07ebee0e-8a2e-4985-ab0e-5971ea7d9ec9
  response:
    body:
      string: '{"code":"Not Found","message":"Not found this AnomalyAlertingConfiguration.
        TraceId: 4527ccf5-35ca-4afa-a0ef-51859d150ff3"}'
    headers:
      apim-request-id:
      - 80fa6db4-e9ac-4a55-a92c-b01bc3cc2289
      content-length:
      - '123'
      content-type:
      - application/json; charset=utf-8
      date:
      - Tue, 13 Oct 2020 15:55:53 GMT
      strict-transport-security:
      - max-age=31536000; includeSubDomains; preload
      x-content-type-options:
      - nosniff
      x-envoy-upstream-service-time:
      - '48'
      x-request-id:
      - 80fa6db4-e9ac-4a55-a92c-b01bc3cc2289
    status:
      code: 404
      message: Not Found
- request:
    body: null
    headers:
      Accept:
      - application/json
      Accept-Encoding:
      - gzip, deflate
      Connection:
      - keep-alive
      Content-Length:
      - '0'
      User-Agent:
      - azsdk-python-ai-metricsadvisor/1.0.0b1 Python/3.7.3 (Windows-10-10.0.19041-SP0)
    method: DELETE
    uri: https://anuchan-cg-metric-advisor.cognitiveservices.azure.com/metricsadvisor/v1.0/enrichment/anomalyDetection/configurations/00a414a6-fc79-4696-9396-85573be80d4d
  response:
    body:
      string: ''
    headers:
      apim-request-id:
      - cd3f8ed2-cc7e-4986-914d-70d37682cc6e
      content-length:
      - '0'
      date:
      - Tue, 13 Oct 2020 15:55:53 GMT
      strict-transport-security:
      - max-age=31536000; includeSubDomains; preload
      x-content-type-options:
      - nosniff
      x-envoy-upstream-service-time:
      - '79'
      x-request-id:
      - cd3f8ed2-cc7e-4986-914d-70d37682cc6e
    status:
      code: 204
      message: No Content
- request:
    body: null
    headers:
      Accept:
      - application/json
      Accept-Encoding:
      - gzip, deflate
      Connection:
      - keep-alive
      Content-Length:
      - '0'
      User-Agent:
      - azsdk-python-ai-metricsadvisor/1.0.0b1 Python/3.7.3 (Windows-10-10.0.19041-SP0)
    method: DELETE
    uri: https://anuchan-cg-metric-advisor.cognitiveservices.azure.com/metricsadvisor/v1.0/dataFeeds/e125ca23-676a-4176-883f-f48fb21280fc
  response:
    body:
      string: ''
    headers:
      apim-request-id:
      - 9e525ae5-55bb-4972-8be6-9bead9f290a2
      content-length:
      - '0'
      date:
      - Tue, 13 Oct 2020 15:55:53 GMT
      strict-transport-security:
      - max-age=31536000; includeSubDomains; preload
      x-content-type-options:
      - nosniff
      x-envoy-upstream-service-time:
      - '267'
      x-request-id:
      - 9e525ae5-55bb-4972-8be6-9bead9f290a2
    status:
      code: 204
      message: No Content
version: 1
