interactions:
- request:
    body: '{"dataSourceType": "SqlServer", "dataFeedName": "topnupeysxflmafbk6k25gxy97102239",
      "granularityName": "Daily", "metrics": [{"metricName": "cost"}, {"metricName":
      "revenue"}], "dimension": [{"dimensionName": "category"}, {"dimensionName":
      "city"}], "dataStartFrom": "2019-10-01T00:00:00.000Z", "startOffsetInSeconds":
      0, "maxConcurrency": -1, "minRetryIntervalInSeconds": -1, "stopRetryAfterInSeconds":
      -1, "dataSourceParameter": {"connectionString": "connectionstring", "query":
      "select\u202f*\u202ffrom\u202fadsample2\u202fwhere\u202fTimestamp\u202f=\u202f@StartTime"}}'
    headers:
      Accept:
      - application/json
      Accept-Encoding:
      - gzip, deflate
      Connection:
      - keep-alive
      Content-Length:
      - '787'
      Content-Type:
      - application/json
      User-Agent:
      - azsdk-python-ai-metricsadvisor/1.0.0b1 Python/3.7.3 (Windows-10-10.0.19041-SP0)
    method: POST
    uri: https://anuchan-cg-metric-advisor.cognitiveservices.azure.com/metricsadvisor/v1.0/dataFeeds
  response:
    body:
      string: ''
    headers:
      apim-request-id:
      - 93eccc0a-0e68-4738-8fa0-be2bf54170e2
      content-length:
      - '0'
      date:
      - Tue, 13 Oct 2020 15:55:40 GMT
      location:
      - https://anuchan-cg-metric-advisor.cognitiveservices.azure.com/metricsadvisor/v1.0/dataFeeds/99233d43-1fe5-4e83-8aac-0f50eeec7943
      strict-transport-security:
      - max-age=31536000; includeSubDomains; preload
      x-content-type-options:
      - nosniff
      x-envoy-upstream-service-time:
      - '322'
      x-request-id:
      - 93eccc0a-0e68-4738-8fa0-be2bf54170e2
    status:
      code: 201
      message: Created
- request:
    body: null
    headers:
      Accept:
      - application/json
      Accept-Encoding:
      - gzip, deflate
      Connection:
      - keep-alive
      User-Agent:
      - azsdk-python-ai-metricsadvisor/1.0.0b1 Python/3.7.3 (Windows-10-10.0.19041-SP0)
    method: GET
    uri: https://anuchan-cg-metric-advisor.cognitiveservices.azure.com/metricsadvisor/v1.0/dataFeeds/99233d43-1fe5-4e83-8aac-0f50eeec7943
  response:
    body:
      string: "{\"dataFeedId\":\"99233d43-1fe5-4e83-8aac-0f50eeec7943\",\"dataFeedName\":\"topnupeysxflmafbk6k25gxy97102239\",\"metrics\":[{\"metricId\":\"c436a3a8-938d-4e29-ab47-cf387fca2872\",\"metricName\":\"cost\",\"metricDisplayName\":\"cost\",\"metricDescription\":\"\"},{\"metricId\":\"2b6bd0cd-de7f-4250-a5ce-1be3579678bb\",\"metricName\":\"revenue\",\"metricDisplayName\":\"revenue\",\"metricDescription\":\"\"}],\"dimension\":[{\"dimensionName\":\"category\",\"dimensionDisplayName\":\"category\"},{\"dimensionName\":\"city\",\"dimensionDisplayName\":\"city\"}],\"dataStartFrom\":\"2019-10-01T00:00:00Z\",\"dataSourceType\":\"SqlServer\",\"timestampColumn\":\"\",\"startOffsetInSeconds\":0,\"maxQueryPerMinute\":30.0,\"granularityName\":\"Daily\",\"granularityAmount\":null,\"allUpIdentification\":null,\"needRollup\":\"NoRollup\",\"fillMissingPointType\":\"PreviousValue\",\"fillMissingPointValue\":0.0,\"rollUpMethod\":\"None\",\"rollUpColumns\":[],\"dataFeedDescription\":\"\",\"stopRetryAfterInSeconds\":-1,\"minRetryIntervalInSeconds\":-1,\"maxConcurrency\":-1,\"viewMode\":\"Private\",\"admins\":[\"krpratic@microsoft.com\"],\"viewers\":[],\"creator\":\"krpratic@microsoft.com\",\"status\":\"Active\",\"createdTime\":\"2020-10-13T15:55:41Z\",\"isAdmin\":true,\"actionLinkTemplate\":\"\",\"dataSourceParameter\":{\"connectionString\":\"connectionstring\",\"query\":\"select\u202F*\u202Ffrom\u202Fadsample2\u202Fwhere\u202FTimestamp\u202F=\u202F@StartTime\"}}"
    headers:
      apim-request-id:
      - bd301565-4935-44a3-b825-2a41d12e52a5
      content-length:
      - '1505'
      content-type:
      - application/json; charset=utf-8
      date:
      - Tue, 13 Oct 2020 15:55:41 GMT
      strict-transport-security:
      - max-age=31536000; includeSubDomains; preload
      x-content-type-options:
      - nosniff
      x-envoy-upstream-service-time:
      - '140'
      x-request-id:
      - bd301565-4935-44a3-b825-2a41d12e52a5
    status:
      code: 200
      message: OK
- request:
    body: '{"name": "topnupeysxflmafbk6k25gxy97102239", "description": "testing",
      "metricId": "c436a3a8-938d-4e29-ab47-cf387fca2872", "wholeMetricConfiguration":
      {"smartDetectionCondition": {"sensitivity": 50.0, "anomalyDetectorDirection":
      "Both", "suppressCondition": {"minNumber": 50, "minRatio": 50.0}}}}'
    headers:
      Accept:
      - application/json
      Accept-Encoding:
      - gzip, deflate
      Connection:
      - keep-alive
      Content-Length:
      - '296'
      Content-Type:
      - application/json
      User-Agent:
      - azsdk-python-ai-metricsadvisor/1.0.0b1 Python/3.7.3 (Windows-10-10.0.19041-SP0)
    method: POST
    uri: https://anuchan-cg-metric-advisor.cognitiveservices.azure.com/metricsadvisor/v1.0/enrichment/anomalyDetection/configurations
  response:
    body:
      string: ''
    headers:
      apim-request-id:
      - 34177f0d-0541-4f81-83b2-58debb004f4f
      content-length:
      - '0'
      date:
      - Tue, 13 Oct 2020 15:55:41 GMT
      location:
      - https://anuchan-cg-metric-advisor.cognitiveservices.azure.com/metricsadvisor/v1.0/enrichment/anomalyDetection/configurations/1ba80385-95f0-4f75-ac88-262db1f533e4
      strict-transport-security:
      - max-age=31536000; includeSubDomains; preload
      x-content-type-options:
      - nosniff
      x-envoy-upstream-service-time:
      - '95'
      x-request-id:
      - 34177f0d-0541-4f81-83b2-58debb004f4f
    status:
      code: 201
      message: Created
- request:
    body: null
    headers:
      Accept:
      - application/json
      Accept-Encoding:
      - gzip, deflate
      Connection:
      - keep-alive
      User-Agent:
      - azsdk-python-ai-metricsadvisor/1.0.0b1 Python/3.7.3 (Windows-10-10.0.19041-SP0)
    method: GET
    uri: https://anuchan-cg-metric-advisor.cognitiveservices.azure.com/metricsadvisor/v1.0/enrichment/anomalyDetection/configurations/1ba80385-95f0-4f75-ac88-262db1f533e4
  response:
    body:
      string: '{"anomalyDetectionConfigurationId":"1ba80385-95f0-4f75-ac88-262db1f533e4","name":"topnupeysxflmafbk6k25gxy97102239","description":"testing","metricId":"c436a3a8-938d-4e29-ab47-cf387fca2872","wholeMetricConfiguration":{"smartDetectionCondition":{"sensitivity":50.0,"anomalyDetectorDirection":"Both","suppressCondition":{"minNumber":50,"minRatio":50.0}}},"dimensionGroupOverrideConfigurations":[],"seriesOverrideConfigurations":[]}'
    headers:
      apim-request-id:
      - 4637b9de-ca72-4123-b589-5860a1ecb432
      content-length:
      - '429'
      content-type:
      - application/json; charset=utf-8
      date:
      - Tue, 13 Oct 2020 15:55:42 GMT
      strict-transport-security:
      - max-age=31536000; includeSubDomains; preload
      x-content-type-options:
      - nosniff
      x-envoy-upstream-service-time:
      - '78'
      x-request-id:
      - 4637b9de-ca72-4123-b589-5860a1ecb432
    status:
      code: 200
      message: OK
- request:
    body: '{"name": "testalertdsplrvvtx2kusdo97102239", "hookIds": [], "metricAlertingConfigurations":
      [{"anomalyDetectionConfigurationId": "1ba80385-95f0-4f75-ac88-262db1f533e4",
      "anomalyScopeType": "TopN", "topNAnomalyScope": {"top": 5, "period": 10, "minTopCount":
      9}, "severityFilter": {"minAlertSeverity": "Low", "maxAlertSeverity": "High"}}]}'
    headers:
      Accept:
      - application/json
      Accept-Encoding:
      - gzip, deflate
      Connection:
      - keep-alive
      Content-Length:
      - '337'
      Content-Type:
      - application/json
      User-Agent:
      - azsdk-python-ai-metricsadvisor/1.0.0b1 Python/3.7.3 (Windows-10-10.0.19041-SP0)
    method: POST
    uri: https://anuchan-cg-metric-advisor.cognitiveservices.azure.com/metricsadvisor/v1.0/alert/anomaly/configurations
  response:
    body:
      string: ''
    headers:
      apim-request-id:
      - 51f5b708-56ee-4563-b54e-46ac1868fae6
      content-length:
      - '0'
      date:
      - Tue, 13 Oct 2020 15:55:42 GMT
      location:
      - https://anuchan-cg-metric-advisor.cognitiveservices.azure.com/metricsadvisor/v1.0/alert/anomaly/configurations/67cdaccc-ee98-4ea7-8586-16557e5f399c
      strict-transport-security:
      - max-age=31536000; includeSubDomains; preload
      x-content-type-options:
      - nosniff
      x-envoy-upstream-service-time:
      - '102'
      x-request-id:
      - 51f5b708-56ee-4563-b54e-46ac1868fae6
    status:
      code: 201
      message: Created
- request:
    body: null
    headers:
      Accept:
      - application/json
      Accept-Encoding:
      - gzip, deflate
      Connection:
      - keep-alive
      User-Agent:
      - azsdk-python-ai-metricsadvisor/1.0.0b1 Python/3.7.3 (Windows-10-10.0.19041-SP0)
    method: GET
    uri: https://anuchan-cg-metric-advisor.cognitiveservices.azure.com/metricsadvisor/v1.0/alert/anomaly/configurations/67cdaccc-ee98-4ea7-8586-16557e5f399c
  response:
    body:
      string: '{"anomalyAlertingConfigurationId":"67cdaccc-ee98-4ea7-8586-16557e5f399c","name":"testalertdsplrvvtx2kusdo97102239","description":"","hookIds":[],"metricAlertingConfigurations":[{"anomalyDetectionConfigurationId":"1ba80385-95f0-4f75-ac88-262db1f533e4","anomalyScopeType":"TopN","negationOperation":false,"topNAnomalyScope":{"top":5,"period":10,"minTopCount":9},"severityFilter":{"minAlertSeverity":"Low","maxAlertSeverity":"High"}}]}'
    headers:
      apim-request-id:
      - 34dfc369-252c-4500-b87b-dfb4f0efedf5
      content-length:
      - '432'
      content-type:
      - application/json; charset=utf-8
      date:
      - Tue, 13 Oct 2020 15:55:42 GMT
      strict-transport-security:
      - max-age=31536000; includeSubDomains; preload
      x-content-type-options:
      - nosniff
      x-envoy-upstream-service-time:
      - '66'
      x-request-id:
      - 34dfc369-252c-4500-b87b-dfb4f0efedf5
    status:
      code: 200
      message: OK
- request:
    body: null
    headers:
      Accept:
      - application/json
      Accept-Encoding:
      - gzip, deflate
      Connection:
      - keep-alive
      Content-Length:
      - '0'
      User-Agent:
      - azsdk-python-ai-metricsadvisor/1.0.0b1 Python/3.7.3 (Windows-10-10.0.19041-SP0)
    method: DELETE
    uri: https://anuchan-cg-metric-advisor.cognitiveservices.azure.com/metricsadvisor/v1.0/alert/anomaly/configurations/67cdaccc-ee98-4ea7-8586-16557e5f399c
  response:
    body:
      string: ''
    headers:
      apim-request-id:
      - ef9517d0-3a00-41b8-9ae0-c83f98236d38
      content-length:
      - '0'
      date:
      - Tue, 13 Oct 2020 15:55:42 GMT
      strict-transport-security:
      - max-age=31536000; includeSubDomains; preload
      x-content-type-options:
      - nosniff
      x-envoy-upstream-service-time:
      - '88'
      x-request-id:
      - ef9517d0-3a00-41b8-9ae0-c83f98236d38
    status:
      code: 204
      message: No Content
- request:
    body: null
    headers:
      Accept:
      - application/json
      Accept-Encoding:
      - gzip, deflate
      Connection:
      - keep-alive
      User-Agent:
      - azsdk-python-ai-metricsadvisor/1.0.0b1 Python/3.7.3 (Windows-10-10.0.19041-SP0)
    method: GET
    uri: https://anuchan-cg-metric-advisor.cognitiveservices.azure.com/metricsadvisor/v1.0/alert/anomaly/configurations/67cdaccc-ee98-4ea7-8586-16557e5f399c
  response:
    body:
      string: '{"code":"Not Found","message":"Not found this AnomalyAlertingConfiguration.
        TraceId: eaa9c8db-27e5-45d3-a082-6ed28430a9a9"}'
    headers:
      apim-request-id:
      - b8fa17c6-feff-4ffc-9411-6d3aadcd8ebb
      content-length:
      - '123'
      content-type:
      - application/json; charset=utf-8
      date:
      - Tue, 13 Oct 2020 15:55:44 GMT
      strict-transport-security:
      - max-age=31536000; includeSubDomains; preload
      x-content-type-options:
      - nosniff
      x-envoy-upstream-service-time:
      - '61'
      x-request-id:
      - b8fa17c6-feff-4ffc-9411-6d3aadcd8ebb
    status:
      code: 404
      message: Not Found
- request:
    body: null
    headers:
      Accept:
      - application/json
      Accept-Encoding:
      - gzip, deflate
      Connection:
      - keep-alive
      Content-Length:
      - '0'
      User-Agent:
      - azsdk-python-ai-metricsadvisor/1.0.0b1 Python/3.7.3 (Windows-10-10.0.19041-SP0)
    method: DELETE
    uri: https://anuchan-cg-metric-advisor.cognitiveservices.azure.com/metricsadvisor/v1.0/enrichment/anomalyDetection/configurations/1ba80385-95f0-4f75-ac88-262db1f533e4
  response:
    body:
      string: ''
    headers:
      apim-request-id:
      - ca4cdcaf-1a48-4298-9544-25cf9e55c1dc
      content-length:
      - '0'
      date:
      - Tue, 13 Oct 2020 15:55:44 GMT
      strict-transport-security:
      - max-age=31536000; includeSubDomains; preload
      x-content-type-options:
      - nosniff
      x-envoy-upstream-service-time:
      - '76'
      x-request-id:
      - ca4cdcaf-1a48-4298-9544-25cf9e55c1dc
    status:
      code: 204
      message: No Content
- request:
    body: null
    headers:
      Accept:
      - application/json
      Accept-Encoding:
      - gzip, deflate
      Connection:
      - keep-alive
      Content-Length:
      - '0'
      User-Agent:
      - azsdk-python-ai-metricsadvisor/1.0.0b1 Python/3.7.3 (Windows-10-10.0.19041-SP0)
    method: DELETE
    uri: https://anuchan-cg-metric-advisor.cognitiveservices.azure.com/metricsadvisor/v1.0/dataFeeds/99233d43-1fe5-4e83-8aac-0f50eeec7943
  response:
    body:
      string: ''
    headers:
      apim-request-id:
      - 9675016c-e3fa-42c9-a13d-33ddd4c60c99
      content-length:
      - '0'
      date:
      - Tue, 13 Oct 2020 15:55:45 GMT
      strict-transport-security:
      - max-age=31536000; includeSubDomains; preload
      x-content-type-options:
      - nosniff
      x-envoy-upstream-service-time:
      - '261'
      x-request-id:
      - 9675016c-e3fa-42c9-a13d-33ddd4c60c99
    status:
      code: 204
      message: No Content
version: 1
