interactions:
- request:
    body: '{"dataSourceType": "SqlServer", "dataFeedName": "update3ds6i2hzoiseutnjrodb171367",
      "dataFeedDescription": "my first data feed", "granularityName": "Daily", "metrics":
      [{"metricName": "cost", "metricDisplayName": "display cost", "metricDescription":
      "the cost"}, {"metricName": "revenue", "metricDisplayName": "display revenue",
      "metricDescription": "the revenue"}], "dimension": [{"dimensionName": "category",
      "dimensionDisplayName": "display category"}, {"dimensionName": "city", "dimensionDisplayName":
      "display city"}], "timestampColumn": "Timestamp", "dataStartFrom": "2019-10-01T00:00:00.000Z",
      "startOffsetInSeconds": -1, "maxConcurrency": 0, "minRetryIntervalInSeconds":
      -1, "stopRetryAfterInSeconds": -1, "needRollup": "NoRollup", "rollUpMethod":
      "None", "fillMissingPointType": "SmartFilling", "viewMode": "Private", "admins":
      ["yournamehere@microsoft.com"], "viewers": ["viewers"], "actionLinkTemplate":
      "action link template", "dataSourceParameter": {"connectionString": "connectionstring",
      "query": "select\u202f*\u202ffrom\u202fadsample2\u202fwhere\u202fTimestamp\u202f=\u202f@StartTime"}}'
    headers:
      Accept:
      - application/json
      Accept-Encoding:
      - gzip, deflate
      Connection:
      - keep-alive
      Content-Length:
      - '1319'
      Content-Type:
      - application/json
      User-Agent:
      - azsdk-python-ai-metricsadvisor/1.0.0b1 Python/3.7.3 (Windows-10-10.0.19041-SP0)
    method: POST
    uri: https://anuchan-cg-metric-advisor.cognitiveservices.azure.com/metricsadvisor/v1.0/dataFeeds
  response:
    body:
      string: ''
    headers:
      apim-request-id:
      - 7e9fb4d6-b507-462d-887a-ef2016a91d59
      content-length:
      - '0'
      date:
      - Tue, 13 Oct 2020 16:06:27 GMT
      location:
      - https://anuchan-cg-metric-advisor.cognitiveservices.azure.com/metricsadvisor/v1.0/dataFeeds/a7c10030-334e-45fc-8454-70460941c0dd
      strict-transport-security:
      - max-age=31536000; includeSubDomains; preload
      x-content-type-options:
      - nosniff
      x-envoy-upstream-service-time:
      - '352'
      x-request-id:
      - 7e9fb4d6-b507-462d-887a-ef2016a91d59
    status:
      code: 201
      message: Created
- request:
    body: null
    headers:
      Accept:
      - application/json
      Accept-Encoding:
      - gzip, deflate
      Connection:
      - keep-alive
      User-Agent:
      - azsdk-python-ai-metricsadvisor/1.0.0b1 Python/3.7.3 (Windows-10-10.0.19041-SP0)
    method: GET
    uri: https://anuchan-cg-metric-advisor.cognitiveservices.azure.com/metricsadvisor/v1.0/dataFeeds/a7c10030-334e-45fc-8454-70460941c0dd
  response:
    body:
      string: "{\"dataFeedId\":\"a7c10030-334e-45fc-8454-70460941c0dd\",\"dataFeedName\":\"update3ds6i2hzoiseutnjrodb171367\",\"metrics\":[{\"metricId\":\"e129e6cf-a5e3-4a4a-a407-5448cfd05b91\",\"metricName\":\"cost\",\"metricDisplayName\":\"display
        cost\",\"metricDescription\":\"the cost\"},{\"metricId\":\"1846585f-3050-4bec-8c80-187bcdbe7347\",\"metricName\":\"revenue\",\"metricDisplayName\":\"display
        revenue\",\"metricDescription\":\"the revenue\"}],\"dimension\":[{\"dimensionName\":\"category\",\"dimensionDisplayName\":\"display
        category\"},{\"dimensionName\":\"city\",\"dimensionDisplayName\":\"display
        city\"}],\"dataStartFrom\":\"2019-10-01T00:00:00Z\",\"dataSourceType\":\"SqlServer\",\"timestampColumn\":\"Timestamp\",\"startOffsetInSeconds\":-1,\"maxQueryPerMinute\":30.0,\"granularityName\":\"Daily\",\"granularityAmount\":null,\"allUpIdentification\":null,\"needRollup\":\"NoRollup\",\"fillMissingPointType\":\"SmartFilling\",\"fillMissingPointValue\":0.0,\"rollUpMethod\":\"None\",\"rollUpColumns\":[],\"dataFeedDescription\":\"my
        first data feed\",\"stopRetryAfterInSeconds\":-1,\"minRetryIntervalInSeconds\":-1,\"maxConcurrency\":0,\"viewMode\":\"Private\",\"admins\":[\"krpratic@microsoft.com\",\"yournamehere@microsoft.com\"],\"viewers\":[\"viewers\"],\"creator\":\"krpratic@microsoft.com\",\"status\":\"Active\",\"createdTime\":\"2020-10-13T16:06:28Z\",\"isAdmin\":true,\"actionLinkTemplate\":\"action
        link template\",\"dataSourceParameter\":{\"connectionString\":\"connectionstring\",\"query\":\"select\u202F*\u202Ffrom\u202Fadsample2\u202Fwhere\u202FTimestamp\u202F=\u202F@StartTime\"}}"
    headers:
      apim-request-id:
      - eb89c562-c033-41ad-9443-b55152871d91
      content-length:
      - '1640'
      content-type:
      - application/json; charset=utf-8
      date:
      - Tue, 13 Oct 2020 16:06:27 GMT
      strict-transport-security:
      - max-age=31536000; includeSubDomains; preload
      x-content-type-options:
      - nosniff
      x-envoy-upstream-service-time:
      - '126'
      x-request-id:
      - eb89c562-c033-41ad-9443-b55152871d91
    status:
      code: 200
      message: OK
- request:
    body: '{"dataSourceType": "SqlServer", "dataFeedName": "updatedatafeed", "dataFeedDescription":
      "updated", "timestampColumn": "time", "dataStartFrom": "2020-12-10T00:00:00.000Z",
      "startOffsetInSeconds": 1, "maxConcurrency": 1, "minRetryIntervalInSeconds":
      1, "stopRetryAfterInSeconds": 1, "needRollup": "AlreadyRollup", "rollUpMethod":
      "Sum", "rollUpColumns": [], "allUpIdentification": "sumrollup", "fillMissingPointType":
      "CustomValue", "fillMissingPointValue": 2.0, "viewMode": "Public", "admins":
      ["krpratic@microsoft.com", "yournamehere@microsoft.com"], "viewers": ["updated"],
      "status": "Paused", "actionLinkTemplate": "updated", "dataSourceParameter":
      {"connectionString": "updated", "query": "get data"}}'
    headers:
      Accept:
      - application/json
      Accept-Encoding:
      - gzip, deflate
      Connection:
      - keep-alive
      Content-Length:
      - '705'
      Content-Type:
      - application/merge-patch+json
      User-Agent:
      - azsdk-python-ai-metricsadvisor/1.0.0b1 Python/3.7.3 (Windows-10-10.0.19041-SP0)
    method: PATCH
    uri: https://anuchan-cg-metric-advisor.cognitiveservices.azure.com/metricsadvisor/v1.0/dataFeeds/a7c10030-334e-45fc-8454-70460941c0dd
  response:
    body:
      string: ''
    headers:
      apim-request-id:
      - 52981b37-314c-4fc0-8465-9d28da3021ee
      content-length:
      - '0'
      date:
      - Tue, 13 Oct 2020 16:06:28 GMT
      strict-transport-security:
      - max-age=31536000; includeSubDomains; preload
      x-content-type-options:
      - nosniff
      x-envoy-upstream-service-time:
      - '621'
      x-request-id:
      - 52981b37-314c-4fc0-8465-9d28da3021ee
    status:
      code: 204
      message: No Content
- request:
    body: null
    headers:
      Accept:
      - application/json
      Accept-Encoding:
      - gzip, deflate
      Connection:
      - keep-alive
      User-Agent:
      - azsdk-python-ai-metricsadvisor/1.0.0b1 Python/3.7.3 (Windows-10-10.0.19041-SP0)
    method: GET
    uri: https://anuchan-cg-metric-advisor.cognitiveservices.azure.com/metricsadvisor/v1.0/dataFeeds/a7c10030-334e-45fc-8454-70460941c0dd
  response:
    body:
      string: '{"dataFeedId":"a7c10030-334e-45fc-8454-70460941c0dd","dataFeedName":"updatedatafeed","metrics":[{"metricId":"e129e6cf-a5e3-4a4a-a407-5448cfd05b91","metricName":"cost","metricDisplayName":"display
        cost","metricDescription":"the cost"},{"metricId":"1846585f-3050-4bec-8c80-187bcdbe7347","metricName":"revenue","metricDisplayName":"display
        revenue","metricDescription":"the revenue"}],"dimension":[{"dimensionName":"category","dimensionDisplayName":"display
        category"},{"dimensionName":"city","dimensionDisplayName":"display city"}],"dataStartFrom":"2020-12-10T00:00:00Z","dataSourceType":"SqlServer","timestampColumn":"time","startOffsetInSeconds":1,"maxQueryPerMinute":30.0,"granularityName":"Daily","granularityAmount":null,"allUpIdentification":"sumrollup","needRollup":"AlreadyRollup","fillMissingPointType":"CustomValue","fillMissingPointValue":2.0,"rollUpMethod":"Sum","rollUpColumns":[],"dataFeedDescription":"updated","stopRetryAfterInSeconds":1,"minRetryIntervalInSeconds":1,"maxConcurrency":1,"viewMode":"Public","admins":["krpratic@microsoft.com","yournamehere@microsoft.com"],"viewers":["updated"],"creator":"krpratic@microsoft.com","status":"Paused","createdTime":"2020-10-13T16:06:28Z","isAdmin":true,"actionLinkTemplate":"updated","dataSourceParameter":{"connectionString":"updated","query":"get
        data"}}'
    headers:
      apim-request-id:
      - a8fc9f07-19b5-4354-add3-63240bc51c57
      content-length:
      - '1316'
      content-type:
      - application/json; charset=utf-8
      date:
      - Tue, 13 Oct 2020 16:06:29 GMT
      strict-transport-security:
      - max-age=31536000; includeSubDomains; preload
      x-content-type-options:
      - nosniff
      x-envoy-upstream-service-time:
      - '135'
      x-request-id:
      - a8fc9f07-19b5-4354-add3-63240bc51c57
    status:
      code: 200
      message: OK
- request:
    body: null
    headers:
      Accept:
      - application/json
      Accept-Encoding:
      - gzip, deflate
      Connection:
      - keep-alive
      Content-Length:
      - '0'
      User-Agent:
      - azsdk-python-ai-metricsadvisor/1.0.0b1 Python/3.7.3 (Windows-10-10.0.19041-SP0)
    method: DELETE
    uri: https://anuchan-cg-metric-advisor.cognitiveservices.azure.com/metricsadvisor/v1.0/dataFeeds/a7c10030-334e-45fc-8454-70460941c0dd
  response:
    body:
      string: ''
    headers:
      apim-request-id:
      - a321f5f0-55ca-4c3e-9723-871fcb90fac8
      content-length:
      - '0'
      date:
      - Tue, 13 Oct 2020 16:06:29 GMT
      strict-transport-security:
      - max-age=31536000; includeSubDomains; preload
      x-content-type-options:
      - nosniff
      x-envoy-upstream-service-time:
      - '276'
      x-request-id:
      - a321f5f0-55ca-4c3e-9723-871fcb90fac8
    status:
      code: 204
      message: No Content
version: 1
