interactions:
- request:
    body: '{"dataSourceType": "SqlServer", "dataFeedName": "updateplmwvuxlsd65l3d47l65d91a64",
      "dataFeedDescription": "my first data feed", "granularityName": "Daily", "metrics":
      [{"metricName": "cost", "metricDisplayName": "display cost", "metricDescription":
      "the cost"}, {"metricName": "revenue", "metricDisplayName": "display revenue",
      "metricDescription": "the revenue"}], "dimension": [{"dimensionName": "category",
      "dimensionDisplayName": "display category"}, {"dimensionName": "city", "dimensionDisplayName":
      "display city"}], "timestampColumn": "Timestamp", "dataStartFrom": "2019-10-01T00:00:00.000Z",
      "startOffsetInSeconds": -1, "maxConcurrency": 0, "minRetryIntervalInSeconds":
      -1, "stopRetryAfterInSeconds": -1, "needRollup": "NoRollup", "rollUpMethod":
      "None", "fillMissingPointType": "SmartFilling", "viewMode": "Private", "admins":
      ["yournamehere@microsoft.com"], "viewers": ["viewers"], "actionLinkTemplate":
      "action link template", "dataSourceParameter": {"connectionString": "connectionstring",
      "query": "select\u202f*\u202ffrom\u202fadsample2\u202fwhere\u202fTimestamp\u202f=\u202f@StartTime"}}'
    headers:
      Accept:
      - application/json
      Content-Length:
      - '1319'
      Content-Type:
      - application/json
      User-Agent:
      - azsdk-python-ai-metricsadvisor/1.0.0b1 Python/3.7.3 (Windows-10-10.0.19041-SP0)
    method: POST
    uri: https://anuchan-cg-metric-advisor.cognitiveservices.azure.com/metricsadvisor/v1.0/dataFeeds
  response:
    body:
      string: ''
    headers:
      apim-request-id: 05766776-a914-426d-b0c7-0be4cc0d4e02
      content-length: '0'
      date: Tue, 13 Oct 2020 16:36:40 GMT
      location: https://anuchan-cg-metric-advisor.cognitiveservices.azure.com/metricsadvisor/v1.0/dataFeeds/48c514ab-ad05-4545-9fd5-8a737902407a
      strict-transport-security: max-age=31536000; includeSubDomains; preload
      x-content-type-options: nosniff
      x-envoy-upstream-service-time: '356'
      x-request-id: 05766776-a914-426d-b0c7-0be4cc0d4e02
    status:
      code: 201
      message: Created
    url: https://anuchan-cg-metric-advisor.cognitiveservices.azure.com//metricsadvisor/v1.0/dataFeeds
- request:
    body: null
    headers:
      Accept:
      - application/json
      User-Agent:
      - azsdk-python-ai-metricsadvisor/1.0.0b1 Python/3.7.3 (Windows-10-10.0.19041-SP0)
    method: GET
    uri: https://anuchan-cg-metric-advisor.cognitiveservices.azure.com/metricsadvisor/v1.0/dataFeeds/48c514ab-ad05-4545-9fd5-8a737902407a
  response:
    body:
      string: "{\"dataFeedId\":\"48c514ab-ad05-4545-9fd5-8a737902407a\",\"dataFeedName\":\"updateplmwvuxlsd65l3d47l65d91a64\",\"metrics\":[{\"metricId\":\"7173167e-4790-4730-be13-7afb61384c3d\",\"metricName\":\"cost\",\"metricDisplayName\":\"display
        cost\",\"metricDescription\":\"the cost\"},{\"metricId\":\"01c3c701-f753-4262-8c60-2e1405e438bf\",\"metricName\":\"revenue\",\"metricDisplayName\":\"display
        revenue\",\"metricDescription\":\"the revenue\"}],\"dimension\":[{\"dimensionName\":\"category\",\"dimensionDisplayName\":\"display
        category\"},{\"dimensionName\":\"city\",\"dimensionDisplayName\":\"display
        city\"}],\"dataStartFrom\":\"2019-10-01T00:00:00Z\",\"dataSourceType\":\"SqlServer\",\"timestampColumn\":\"Timestamp\",\"startOffsetInSeconds\":-1,\"maxQueryPerMinute\":30.0,\"granularityName\":\"Daily\",\"granularityAmount\":null,\"allUpIdentification\":null,\"needRollup\":\"NoRollup\",\"fillMissingPointType\":\"SmartFilling\",\"fillMissingPointValue\":0.0,\"rollUpMethod\":\"None\",\"rollUpColumns\":[],\"dataFeedDescription\":\"my
        first data feed\",\"stopRetryAfterInSeconds\":-1,\"minRetryIntervalInSeconds\":-1,\"maxConcurrency\":0,\"viewMode\":\"Private\",\"admins\":[\"krpratic@microsoft.com\",\"yournamehere@microsoft.com\"],\"viewers\":[\"viewers\"],\"creator\":\"krpratic@microsoft.com\",\"status\":\"Active\",\"createdTime\":\"2020-10-13T16:36:40Z\",\"isAdmin\":true,\"actionLinkTemplate\":\"action
        link template\",\"dataSourceParameter\":{\"connectionString\":\"connectionstring\",\"query\":\"select\u202F*\u202Ffrom\u202Fadsample2\u202Fwhere\u202FTimestamp\u202F=\u202F@StartTime\"}}"
    headers:
      apim-request-id: 58c259fd-81fa-4518-8f8b-e32a33e924f7
      content-length: '1640'
      content-type: application/json; charset=utf-8
      date: Tue, 13 Oct 2020 16:36:40 GMT
      strict-transport-security: max-age=31536000; includeSubDomains; preload
      x-content-type-options: nosniff
      x-envoy-upstream-service-time: '136'
      x-request-id: 58c259fd-81fa-4518-8f8b-e32a33e924f7
    status:
      code: 200
      message: OK
    url: https://anuchan-cg-metric-advisor.cognitiveservices.azure.com//metricsadvisor/v1.0/dataFeeds/48c514ab-ad05-4545-9fd5-8a737902407a
- request:
    body: '{"dataSourceType": "SqlServer", "dataFeedName": "updateMe", "dataFeedDescription":
      "updateMe", "timestampColumn": "time", "dataStartFrom": "2020-12-10T00:00:00.000Z",
      "startOffsetInSeconds": 1, "maxConcurrency": 1, "minRetryIntervalInSeconds":
      1, "stopRetryAfterInSeconds": 1, "needRollup": "AlreadyRollup", "rollUpMethod":
      "Sum", "rollUpColumns": [], "allUpIdentification": "sumrollup", "fillMissingPointType":
      "CustomValue", "fillMissingPointValue": 2.0, "viewMode": "Public", "admins":
      ["krpratic@microsoft.com", "yournamehere@microsoft.com"], "viewers": ["updated"],
      "status": "Paused", "actionLinkTemplate": "updated", "dataSourceParameter":
      {"connectionString": "updated", "query": "get data"}}'
    headers:
      Accept:
      - application/json
      Content-Length:
      - '700'
      Content-Type:
      - application/merge-patch+json
      User-Agent:
      - azsdk-python-ai-metricsadvisor/1.0.0b1 Python/3.7.3 (Windows-10-10.0.19041-SP0)
    method: PATCH
    uri: https://anuchan-cg-metric-advisor.cognitiveservices.azure.com/metricsadvisor/v1.0/dataFeeds/48c514ab-ad05-4545-9fd5-8a737902407a
  response:
    body:
      string: ''
    headers:
      apim-request-id: bae7f9b0-a29e-43d0-99d4-93d1573af227
      content-length: '0'
      date: Tue, 13 Oct 2020 16:36:41 GMT
      strict-transport-security: max-age=31536000; includeSubDomains; preload
      x-content-type-options: nosniff
      x-envoy-upstream-service-time: '414'
      x-request-id: bae7f9b0-a29e-43d0-99d4-93d1573af227
    status:
      code: 204
      message: No Content
    url: https://anuchan-cg-metric-advisor.cognitiveservices.azure.com//metricsadvisor/v1.0/dataFeeds/48c514ab-ad05-4545-9fd5-8a737902407a
- request:
    body: null
    headers:
      Accept:
      - application/json
      User-Agent:
      - azsdk-python-ai-metricsadvisor/1.0.0b1 Python/3.7.3 (Windows-10-10.0.19041-SP0)
    method: GET
    uri: https://anuchan-cg-metric-advisor.cognitiveservices.azure.com/metricsadvisor/v1.0/dataFeeds/48c514ab-ad05-4545-9fd5-8a737902407a
  response:
    body:
      string: '{"dataFeedId":"48c514ab-ad05-4545-9fd5-8a737902407a","dataFeedName":"updateMe","metrics":[{"metricId":"7173167e-4790-4730-be13-7afb61384c3d","metricName":"cost","metricDisplayName":"display
        cost","metricDescription":"the cost"},{"metricId":"01c3c701-f753-4262-8c60-2e1405e438bf","metricName":"revenue","metricDisplayName":"display
        revenue","metricDescription":"the revenue"}],"dimension":[{"dimensionName":"category","dimensionDisplayName":"display
        category"},{"dimensionName":"city","dimensionDisplayName":"display city"}],"dataStartFrom":"2020-12-10T00:00:00Z","dataSourceType":"SqlServer","timestampColumn":"time","startOffsetInSeconds":1,"maxQueryPerMinute":30.0,"granularityName":"Daily","granularityAmount":null,"allUpIdentification":"sumrollup","needRollup":"AlreadyRollup","fillMissingPointType":"CustomValue","fillMissingPointValue":2.0,"rollUpMethod":"Sum","rollUpColumns":[],"dataFeedDescription":"updateMe","stopRetryAfterInSeconds":1,"minRetryIntervalInSeconds":1,"maxConcurrency":1,"viewMode":"Public","admins":["krpratic@microsoft.com","yournamehere@microsoft.com"],"viewers":["updated"],"creator":"krpratic@microsoft.com","status":"Paused","createdTime":"2020-10-13T16:36:40Z","isAdmin":true,"actionLinkTemplate":"updated","dataSourceParameter":{"connectionString":"updated","query":"get
        data"}}'
    headers:
      apim-request-id: a8770b37-f38a-4800-8ce0-e870b7795128
      content-length: '1311'
      content-type: application/json; charset=utf-8
      date: Tue, 13 Oct 2020 16:36:41 GMT
      strict-transport-security: max-age=31536000; includeSubDomains; preload
      x-content-type-options: nosniff
      x-envoy-upstream-service-time: '137'
      x-request-id: a8770b37-f38a-4800-8ce0-e870b7795128
    status:
      code: 200
      message: OK
    url: https://anuchan-cg-metric-advisor.cognitiveservices.azure.com//metricsadvisor/v1.0/dataFeeds/48c514ab-ad05-4545-9fd5-8a737902407a
- request:
    body: null
    headers:
      Accept:
      - application/json
      User-Agent:
      - azsdk-python-ai-metricsadvisor/1.0.0b1 Python/3.7.3 (Windows-10-10.0.19041-SP0)
    method: DELETE
    uri: https://anuchan-cg-metric-advisor.cognitiveservices.azure.com/metricsadvisor/v1.0/dataFeeds/48c514ab-ad05-4545-9fd5-8a737902407a
  response:
    body:
      string: ''
    headers:
      apim-request-id: 95f09fb2-6ad1-453a-beae-51990e850d16
      content-length: '0'
      date: Tue, 13 Oct 2020 16:36:41 GMT
      strict-transport-security: max-age=31536000; includeSubDomains; preload
      x-content-type-options: nosniff
      x-envoy-upstream-service-time: '284'
      x-request-id: 95f09fb2-6ad1-453a-beae-51990e850d16
    status:
      code: 204
      message: No Content
    url: https://anuchan-cg-metric-advisor.cognitiveservices.azure.com//metricsadvisor/v1.0/dataFeeds/48c514ab-ad05-4545-9fd5-8a737902407a
version: 1
