interactions:
- request:
    body: '{"dataSourceType": "AzureDataLakeStorageGen2", "dataFeedName": "datalakeasync24lxnhehyxb9c7e16fb",
      "granularityName": "Daily", "metrics": [{"metricName": "cost", "metricDisplayName":
      "Cost"}, {"metricName": "revenue", "metricDisplayName": "Revenue"}], "dimension":
      [{"dimensionName": "category", "dimensionDisplayName": "Category"}, {"dimensionName":
      "city", "dimensionDisplayName": "City"}], "dataStartFrom": "2019-01-01T00:00:00.000Z",
      "startOffsetInSeconds": 0, "maxConcurrency": -1, "minRetryIntervalInSeconds":
      -1, "stopRetryAfterInSeconds": -1, "dataSourceParameter": {"accountName": "adsampledatalakegen2",
      "accountKey": "connectionstring", "fileSystemName": "adsample", "directoryTemplate":
      "%Y/%m/%d", "fileTemplate": "adsample.json"}}'
    headers:
      Accept:
      - application/json
      Content-Length:
      - '816'
      Content-Type:
      - application/json
      User-Agent:
      - azsdk-python-ai-metricsadvisor/1.0.0b1 Python/3.7.3 (Windows-10-10.0.19041-SP0)
    method: POST
    uri: https://anuchan-cg-metric-advisor.cognitiveservices.azure.com/metricsadvisor/v1.0/dataFeeds
  response:
    body:
      string: ''
    headers:
      apim-request-id: 63c0e4e0-2cac-460f-8cc3-41ae6259cf4f
      content-length: '0'
      date: Tue, 13 Oct 2020 16:36:06 GMT
      location: https://anuchan-cg-metric-advisor.cognitiveservices.azure.com/metricsadvisor/v1.0/dataFeeds/1e51064d-81ae-4042-94f3-db24d937d003
      strict-transport-security: max-age=31536000; includeSubDomains; preload
      x-content-type-options: nosniff
      x-envoy-upstream-service-time: '363'
      x-request-id: 63c0e4e0-2cac-460f-8cc3-41ae6259cf4f
    status:
      code: 201
      message: Created
    url: https://anuchan-cg-metric-advisor.cognitiveservices.azure.com//metricsadvisor/v1.0/dataFeeds
- request:
    body: null
    headers:
      Accept:
      - application/json
      User-Agent:
      - azsdk-python-ai-metricsadvisor/1.0.0b1 Python/3.7.3 (Windows-10-10.0.19041-SP0)
    method: GET
    uri: https://anuchan-cg-metric-advisor.cognitiveservices.azure.com/metricsadvisor/v1.0/dataFeeds/1e51064d-81ae-4042-94f3-db24d937d003
  response:
    body:
      string: '{"dataFeedId":"1e51064d-81ae-4042-94f3-db24d937d003","dataFeedName":"datalakeasync24lxnhehyxb9c7e16fb","metrics":[{"metricId":"a8ccb8f3-39ac-4f4d-a253-56615c48afff","metricName":"cost","metricDisplayName":"Cost","metricDescription":""},{"metricId":"8cf6e68c-2312-4e3c-a09c-f42da5ba1dcc","metricName":"revenue","metricDisplayName":"Revenue","metricDescription":""}],"dimension":[{"dimensionName":"category","dimensionDisplayName":"Category"},{"dimensionName":"city","dimensionDisplayName":"City"}],"dataStartFrom":"2019-01-01T00:00:00Z","dataSourceType":"AzureDataLakeStorageGen2","timestampColumn":"","startOffsetInSeconds":0,"maxQueryPerMinute":30.0,"granularityName":"Daily","granularityAmount":null,"allUpIdentification":null,"needRollup":"NoRollup","fillMissingPointType":"PreviousValue","fillMissingPointValue":0.0,"rollUpMethod":"None","rollUpColumns":[],"dataFeedDescription":"","stopRetryAfterInSeconds":-1,"minRetryIntervalInSeconds":-1,"maxConcurrency":-1,"viewMode":"Private","admins":["krpratic@microsoft.com"],"viewers":[],"creator":"krpratic@microsoft.com","status":"Active","createdTime":"2020-10-13T16:36:06Z","isAdmin":true,"actionLinkTemplate":"","dataSourceParameter":{"fileTemplate":"adsample.json","accountName":"adsampledatalakegen2","directoryTemplate":"%Y/%m/%d","fileSystemName":"adsample","accountKey":"connectionstring"}}'
    headers:
      apim-request-id: 80072ddb-87dc-409f-8b6b-0607a91cf8da
      content-length: '1420'
      content-type: application/json; charset=utf-8
      date: Tue, 13 Oct 2020 16:36:06 GMT
      strict-transport-security: max-age=31536000; includeSubDomains; preload
      x-content-type-options: nosniff
      x-envoy-upstream-service-time: '155'
      x-request-id: 80072ddb-87dc-409f-8b6b-0607a91cf8da
    status:
      code: 200
      message: OK
    url: https://anuchan-cg-metric-advisor.cognitiveservices.azure.com//metricsadvisor/v1.0/dataFeeds/1e51064d-81ae-4042-94f3-db24d937d003
- request:
    body: null
    headers:
      Accept:
      - application/json
      User-Agent:
      - azsdk-python-ai-metricsadvisor/1.0.0b1 Python/3.7.3 (Windows-10-10.0.19041-SP0)
    method: DELETE
    uri: https://anuchan-cg-metric-advisor.cognitiveservices.azure.com/metricsadvisor/v1.0/dataFeeds/1e51064d-81ae-4042-94f3-db24d937d003
  response:
    body:
      string: ''
    headers:
      apim-request-id: 2ed3a3a5-a2a2-47ce-8d9c-b38f88cd85f9
      content-length: '0'
      date: Tue, 13 Oct 2020 16:36:06 GMT
      strict-transport-security: max-age=31536000; includeSubDomains; preload
      x-content-type-options: nosniff
      x-envoy-upstream-service-time: '283'
      x-request-id: 2ed3a3a5-a2a2-47ce-8d9c-b38f88cd85f9
    status:
      code: 204
      message: No Content
    url: https://anuchan-cg-metric-advisor.cognitiveservices.azure.com//metricsadvisor/v1.0/dataFeeds/1e51064d-81ae-4042-94f3-db24d937d003
version: 1
